// Jest Snapshot v1, https://goo.gl/fbAQLP

exports[`Home should match the snapshot 1`] = `
<div
  className="home"
>
  <div
    className="dashboard"
  >
    <div
      className="dashboard__option "
    >
      <a
        className="dashboard__option__card"
        href="/beer/add"
        onClick={[Function]}
      >
        <div
          className="dashboard__option__image-wrapper"
        >
          <img
            alt="logo"
            className="dashboard__option__image"
            src="tap.png"
          />
        </div>
        <div
          className="dashboard__option__title-wrapper"
        >
          <p
            className="dashboard__option__title"
          >
            Add a new beer
          </p>
        </div>
      </a>
    </div>
    <div
      className="dashboard__option "
    >
      <a
        className="dashboard__option__card"
        href="/collection"
        onClick={[Function]}
      >
        <div
          className="dashboard__option__image-wrapper"
        >
          <img
            alt="logo"
            className="dashboard__option__image"
            src="crate.png"
          />
        </div>
        <div
          className="dashboard__option__title-wrapper"
        >
          <p
            className="dashboard__option__title"
          >
            See your collection
          </p>
        </div>
      </a>
    </div>
    <div
      className="dashboard__option "
    >
      <a
        className="dashboard__option__card"
        href="/collection/manage"
        onClick={[Function]}
      >
        <div
          className="dashboard__option__image-wrapper"
        >
          <img
            alt="logo"
            className="dashboard__option__image"
            src="caps.png"
          />
        </div>
        <div
          className="dashboard__option__title-wrapper"
        >
          <p
            className="dashboard__option__title"
          >
            Manage collection
          </p>
        </div>
      </a>
    </div>
    <div
      className="dashboard__option "
    >
      <a
        className="dashboard__option__card"
        href="/statistics"
        onClick={[Function]}
      >
        <div
          className="dashboard__option__image-wrapper"
        >
          <img
            alt="logo"
            className="dashboard__option__image"
            src="statistics.png"
          />
        </div>
        <div
          className="dashboard__option__title-wrapper"
        >
          <p
            className="dashboard__option__title"
          >
            See statistics
          </p>
        </div>
      </a>
    </div>
    <div
      className="dashboard__option dashboard__option--disabled"
    >
      <a
        className="dashboard__option__card"
        href="/map"
        onClick={[Function]}
      >
        <div
          className="dashboard__option__image-wrapper"
        >
          <img
            alt="logo"
            className="dashboard__option__image"
            src="globe.png"
          />
        </div>
        <div
          className="dashboard__option__title-wrapper"
        >
          <p
            className="dashboard__option__title"
          >
            Beer map
          </p>
        </div>
      </a>
    </div>
  </div>
</div>
`;
