// Jest Snapshot v1, https://goo.gl/fbAQLP

exports[`Option should match the snapshot 1`] = `
<div
  className="dashboard__option"
>
  <a
    className="dashboard__option__card"
    href="/url"
    onClick={[Function]}
  >
    <div
      className="dashboard__option__image-wrapper"
    >
      <img
        alt="logo"
        className="dashboard__option__image"
        src="IMAGE"
      />
    </div>
    <div
      className="dashboard__option__title-wrapper"
    >
      <p
        className="dashboard__option__title"
      >
        TITLE
      </p>
    </div>
  </a>
</div>
`;
