// Jest Snapshot v1, https://goo.gl/fbAQLP

exports[`Header dumb component should match the snapshot 1`] = `
<div
  className="header"
>
  <a
    className="logo-container"
    href="/"
    onClick={[Function]}
  >
    <div
      className="logo logo--collapsed"
    >
      <div
        className="logo__image-wrapper"
      >
        <img
          alt="logo"
          className="logo__image"
          src="logo.png"
        />
      </div>
      <h1
        className="logo__title"
        data-text="Beer collection"
      >
        Beer collection
      </h1>
    </div>
  </a>
  <div
    className="notification-container notification-container-empty"
  >
    <span />
  </div>
</div>
`;
