exports[`Spinner should match the snapshot 1`] = `
<div
  className="spinner" />
`;
