// Jest Snapshot v1, https://goo.gl/fbAQLP

exports[`Statistics should match the snapshot 1`] = `
<div
  className="statistics">
  <div
    className="dashboard">
    <div
      className="dashboard__option">
      <a
        className="dashboard__option__card"
        href="/origin"
        onClick={[Function anonymous]}>
        <div
          className="dashboard__option__image-wrapper">
          <img
            alt="logo"
            className="dashboard__option__image"
            src="https://unsplash.it/150/150" />
        </div>
        <div
          className="dashboard__option__title-wrapper">
          <p
            className="dashboard__option__title">
            Origin
          </p>
        </div>
      </a>
    </div>
  </div>
</div>
`;
