exports[`Button should match the snapshot 1`] = `
<button
  className="button button--undefined undefined"
  onClick={[Function onClick]}
  type="button" />
`;
