// Jest Snapshot v1, https://goo.gl/fbAQLP

exports[`Error should match the snapshot 1`] = `
<div
  className="error-page"
>
  <h1
    className="error-page__title"
  >
    This page could not be found!
  </h1>
  <div
    className="error-page__image-wrapper"
  >
    <img
      alt="error"
      className="error-page__image"
      src="error.png"
    />
  </div>
  <p
    className="error-page__text"
  >
    Please try again
  </p>
</div>
`;
